ACALL_TEST                                                                                                              PAGE 1
                         1     ORG 0H
0000 1105                2     ACALL SETUP
0002 020045              3     LJMP KEYBOARD_LOOP
                         4
                         5     SETUP:
0005 7438                6             MOV A,#38H      ;TWO LINES, 5X7 MATRIX
0007 111A                7             ACALL SEND_COMMAND
0009 740F                8             MOV A,#0FH      ;DISPLAY ON, CURSOR BLINKING
000B 111A                9             ACALL SEND_COMMAND
000D 7406               10             MOV A,#06H      ;INCREMENT CURSOR (SHIFT CURSOR TO RIGHT)
000F 111A               11             ACALL SEND_COMMAND
0011 7401               12             MOV A,#01H      ;CLEAR DISPLAY SCREEN
0013 111A               13             ACALL SEND_COMMAND
0015 7480               14             MOV A,#80H      ;FORCE CURSOR TO BEGINNING OF THE FIRST LINE
0017 111A               15             ACALL SEND_COMMAND
0019 22                 16             RET
                        17
                        18     SEND_COMMAND:
001A F590               19             MOV P1,A
001C C2B5               20             CLR P3.5                ;RS=0 BEFORE SENDING COMMAND
001E C2B6               21             CLR P3.6                ;R/W=0 TO WRITE
0020 D2B7               22             SETB P3.7       ;SEND A HIGH TO LOW SIGNAL TO ENABLE PIN
0022 1134               23             ACALL DELAY
0024 C2B7               24             CLR P3.7
0026 22                 25             RET
                        26     SEND_DATA:
0027 F590               27             MOV P1,A
0029 D2B5               28             SETB P3.5               ;RS=0 BEFORE SENDING COMMAND
002B C2B6               29             CLR P3.6                ;R/W=0 TO WRITE
002D D2B7               30             SETB P3.7       ;SEND A HIGH TO LOW SIGNAL TO ENABLE PIN
002F 1134               31             ACALL DELAY
0031 C2B7               32             CLR P3.7
0033 22                 33             RET
                        34
                        35     DELAY:
0034 C000               36             PUSH 0
0036 C001               37             PUSH 1
0038 7832               38             MOV R0,#50
                        39     DELAY_OUTER_LOOP:
003A 79FF               40             MOV R1,#255
003C D9FE               41             DJNZ R1,$
003E D8FA               42             DJNZ R0,DELAY_OUTER_LOOP
0040 D001               43             POP 1
0042 D000               44             POP 0
0044 22                 45             RET
                        46
                        47     KEYBOARD_LOOP:
                        48
0045 115B               49             ACALL KEYBOARD          ; NOW A HAS THE KEY THAT IS PRESSED
0047 B42A04             50             CJNE A,#02AH,NVM
004A 1105               51                     ACALL SETUP
004C 80F7               52                     SJMP KEYBOARD_LOOP
                        53             NVM:
004E B42306             54             CJNE A,#023H,NVM2
0051 74C0               55                     MOV A,#0C0H
0053 111A               56                     ACALL SEND_COMMAND
0055 80EE               57                     SJMP KEYBOARD_LOOP
                        58             NVM2:
0057 1127               59             ACALL SEND_DATA         ; SEND DATA TO LCD SCREEN
0059 80EA               60             SJMP KEYBOARD_LOOP      ; DOING ALL OVER AGAIN
                        61
                        62     KEYBOARD: ; takes the key pressed from the keyboard and puts it to A
005B 7580FF             63             mov     P0, #0ffh       ;makes P0 input
                        64     K1:
005E 75A000             65             mov     P2, #0  ;ground all rows
0061 E580               66             mov     A, P0
0063 540F               67             anl     A, #00001111B
0065 B40FF6             68             cjne    A, #00001111B, K1
                        69     K2:
0068 1134               70             acall   DELAY
006A E580               71             mov     A, P0
006C 540F               72             anl     A, #00001111B
006E B40F02             73             cjne    A, #00001111B, KB_OVER
0071 80F5               74             sjmp    K2
                        75     KB_OVER:
0073 1134               76             acall DELAY
0075 E580               77             mov     A, P0
0077 540F               78             anl     A, #00001111B
0079 B40F02             79             cjne    A, #00001111B, KB_OVER1
007C 80EA               80             sjmp    K2
                        81     KB_OVER1:
007E 75A0FE             82             mov     P2, #11111110B
0081 E580               83             mov     A, P0
0083 540F               84             anl     A, #00001111B
0085 B40F21             85             cjne    A, #00001111B, ROW_0
0088 75A0FD             86             mov     P2, #11111101B
008B E580               87             mov     A, P0
008D 540F               88             anl     A, #00001111B
008F B40F1C             89             cjne    A, #00001111B, ROW_1
0092 75A0FB             90             mov     P2, #11111011B
0095 E580               91             mov     A, P0
0097 540F               92             anl     A, #00001111B
0099 B40F17             93             cjne    A, #00001111B, ROW_2
009C 75A0F7             94             mov     P2, #11110111B
009F E580               95             mov     A, P0
00A1 540F               96             anl     A, #00001111B
00A3 B40F12             97             cjne    A, #00001111B, ROW_3
00A6 020068             98             ljmp    K2
                        99
                       100     ROW_0:
00A9 9000C4            101             mov     DPTR, #KCODE0
00AC 800D              102             sjmp    KB_FIND
                       103     ROW_1:
00AE 9000C8            104             mov     DPTR, #KCODE1
00B1 8008              105             sjmp    KB_FIND
                       106     ROW_2:
00B3 9000CC            107             mov     DPTR, #KCODE2
00B6 8003              108             sjmp    KB_FIND
                       109     ROW_3:
00B8 9000D0            110             mov     DPTR, #KCODE3
                       111     KB_FIND:
00BB 13                112             rrc     A
00BC 5003              113             jnc     KB_MATCH
00BE A3                114             inc     DPTR
00BF 80FA              115             sjmp    KB_FIND
                       116     KB_MATCH:
00C1 E4                117             clr     A
00C2 93                118             movc    A, @A+DPTR; get ASCII code from the table
00C3 22                119             ret
                       120
                       121     ;ASCII look-up table
00C4 31323341          122     KCODE0: DB      '1', '2', '3', 'A'
00C8 34353642          123     KCODE1: DB      '4', '5', '6', 'B'
00CC 37383943          124     KCODE2: DB      '7', '8', '9', 'C'
00D0 2A302344          125     KCODE3: DB      '*', '0', '#', 'D'
                       126
                       127
                       128     END: END
****WARNING:Reservedkeywordusedaslabel
ASSEMBLY COMPLETE, NO ERRORS FOUND, 1 WARNING


ERROR SUMMARY:
Line 128, WARNING:Reservedkeywordusedaslabel

SYMBOL TABLE:
??MCU_8051_IDE . . . . . . . . . . .  N  NUMB  8051H  NOT USED
??VERSION. . . . . . . . . . . . . .  N  NUMB  0149H  NOT USED
AC . . . . . . . . . . . . . . . . .  B  ADDR  00D6H  NOT USED
ACC. . . . . . . . . . . . . . . . .  D  ADDR  00E0H  NOT USED
ACSR . . . . . . . . . . . . . . . .  D  ADDR  0097H  NOT USED
ADCF . . . . . . . . . . . . . . . .  D  ADDR  00F6H  NOT USED
ADCLK. . . . . . . . . . . . . . . .  D  ADDR  00F2H  NOT USED
ADCON. . . . . . . . . . . . . . . .  D  ADDR  00F3H  NOT USED
ADDH . . . . . . . . . . . . . . . .  D  ADDR  00F5H  NOT USED
ADDL . . . . . . . . . . . . . . . .  D  ADDR  00F4H  NOT USED
AUXR . . . . . . . . . . . . . . . .  D  ADDR  008EH  NOT USED
AUXR1. . . . . . . . . . . . . . . .  D  ADDR  00A2H  NOT USED
B. . . . . . . . . . . . . . . . . .  D  ADDR  00F0H  NOT USED
BDRCON . . . . . . . . . . . . . . .  D  ADDR  009BH  NOT USED
BDRCON_1 . . . . . . . . . . . . . .  D  ADDR  009CH  NOT USED
BRL. . . . . . . . . . . . . . . . .  D  ADDR  009AH  NOT USED
CCAP0H . . . . . . . . . . . . . . .  D  ADDR  00FAH  NOT USED
CCAP0L . . . . . . . . . . . . . . .  D  ADDR  00EAH  NOT USED
CCAP1H . . . . . . . . . . . . . . .  D  ADDR  00FBH  NOT USED
CCAP1L . . . . . . . . . . . . . . .  D  ADDR  00EBH  NOT USED
CCAP2H . . . . . . . . . . . . . . .  D  ADDR  00FCH  NOT USED
CCAP3H . . . . . . . . . . . . . . .  D  ADDR  00FDH  NOT USED
CCAP4H . . . . . . . . . . . . . . .  D  ADDR  00FEH  NOT USED
CCAPL2H. . . . . . . . . . . . . . .  D  ADDR  00FCH  NOT USED
CCAPL2L. . . . . . . . . . . . . . .  D  ADDR  00ECH  NOT USED
CCAPL3H. . . . . . . . . . . . . . .  D  ADDR  00FDH  NOT USED
CCAPL3L. . . . . . . . . . . . . . .  D  ADDR  00EDH  NOT USED
CCAPL4H. . . . . . . . . . . . . . .  D  ADDR  00FEH  NOT USED
CCAPL4L. . . . . . . . . . . . . . .  D  ADDR  00EEH  NOT USED
CCAPM0 . . . . . . . . . . . . . . .  D  ADDR  00DAH  NOT USED
CCAPM1 . . . . . . . . . . . . . . .  D  ADDR  00DBH  NOT USED
CCAPM2 . . . . . . . . . . . . . . .  D  ADDR  00DCH  NOT USED
CCAPM3 . . . . . . . . . . . . . . .  D  ADDR  00DDH  NOT USED
CCAPM4 . . . . . . . . . . . . . . .  D  ADDR  00DEH  NOT USED
CCF0 . . . . . . . . . . . . . . . .  B  ADDR  00D8H  NOT USED
CCF1 . . . . . . . . . . . . . . . .  B  ADDR  00D9H  NOT USED
CCF2 . . . . . . . . . . . . . . . .  B  ADDR  00DAH  NOT USED
CCF3 . . . . . . . . . . . . . . . .  B  ADDR  00DBH  NOT USED
CCF4 . . . . . . . . . . . . . . . .  B  ADDR  00DCH  NOT USED
CCON . . . . . . . . . . . . . . . .  D  ADDR  00D8H  NOT USED
CFINT. . . . . . . . . . . . . . . .  C  ADDR  0033H  NOT USED
CH . . . . . . . . . . . . . . . . .  D  ADDR  00F9H  NOT USED
CKCON. . . . . . . . . . . . . . . .  D  ADDR  008FH  NOT USED
CKCON0 . . . . . . . . . . . . . . .  D  ADDR  008FH  NOT USED
CKRL . . . . . . . . . . . . . . . .  D  ADDR  0097H  NOT USED
CKSEL. . . . . . . . . . . . . . . .  D  ADDR  0085H  NOT USED
CL . . . . . . . . . . . . . . . . .  D  ADDR  00E9H  NOT USED
CLKREG . . . . . . . . . . . . . . .  D  ADDR  008FH  NOT USED
CMOD . . . . . . . . . . . . . . . .  D  ADDR  00D9H  NOT USED
CPRL2. . . . . . . . . . . . . . . .  B  ADDR  00C8H  NOT USED
CR . . . . . . . . . . . . . . . . .  B  ADDR  00DEH  NOT USED
CT2. . . . . . . . . . . . . . . . .  B  ADDR  00C9H  NOT USED
CY . . . . . . . . . . . . . . . . .  B  ADDR  00D7H  NOT USED
DELAY. . . . . . . . . . . . . . . .  C  ADDR  0034H
DELAY_OUTER_LOOP . . . . . . . . . .  C  ADDR  003AH
DP0H . . . . . . . . . . . . . . . .  D  ADDR  0083H  NOT USED
DP0L . . . . . . . . . . . . . . . .  D  ADDR  0082H  NOT USED
DP1H . . . . . . . . . . . . . . . .  D  ADDR  0085H  NOT USED
DP1L . . . . . . . . . . . . . . . .  D  ADDR  0084H  NOT USED
DPH. . . . . . . . . . . . . . . . .  D  ADDR  0083H  NOT USED
DPL. . . . . . . . . . . . . . . . .  D  ADDR  0082H  NOT USED
EA . . . . . . . . . . . . . . . . .  B  ADDR  00AFH  NOT USED
EC . . . . . . . . . . . . . . . . .  B  ADDR  00AEH  NOT USED
EECON. . . . . . . . . . . . . . . .  D  ADDR  0096H  NOT USED
END. . . . . . . . . . . . . . . . .  C  ADDR  00D4H  NOT USED
ES . . . . . . . . . . . . . . . . .  B  ADDR  00ACH  NOT USED
ET0. . . . . . . . . . . . . . . . .  B  ADDR  00A9H  NOT USED
ET1. . . . . . . . . . . . . . . . .  B  ADDR  00ABH  NOT USED
ET2. . . . . . . . . . . . . . . . .  B  ADDR  00ADH  NOT USED
EX0. . . . . . . . . . . . . . . . .  B  ADDR  00A8H  NOT USED
EX1. . . . . . . . . . . . . . . . .  B  ADDR  00AAH  NOT USED
EXEN2. . . . . . . . . . . . . . . .  B  ADDR  00CBH  NOT USED
EXF2 . . . . . . . . . . . . . . . .  B  ADDR  00CEH  NOT USED
EXTI0. . . . . . . . . . . . . . . .  C  ADDR  0003H  NOT USED
EXTI1. . . . . . . . . . . . . . . .  C  ADDR  0013H  NOT USED
F0 . . . . . . . . . . . . . . . . .  B  ADDR  00D5H  NOT USED
FE . . . . . . . . . . . . . . . . .  B  ADDR  009FH  NOT USED
IE . . . . . . . . . . . . . . . . .  D  ADDR  00A8H  NOT USED
IE0. . . . . . . . . . . . . . . . .  B  ADDR  0089H  NOT USED
IE1. . . . . . . . . . . . . . . . .  B  ADDR  008BH  NOT USED
INT0 . . . . . . . . . . . . . . . .  B  ADDR  00B2H  NOT USED
INT1 . . . . . . . . . . . . . . . .  B  ADDR  00B3H  NOT USED
IP . . . . . . . . . . . . . . . . .  D  ADDR  00B8H  NOT USED
IPH. . . . . . . . . . . . . . . . .  D  ADDR  00B7H  NOT USED
IPH0 . . . . . . . . . . . . . . . .  D  ADDR  00B7H  NOT USED
IPH1 . . . . . . . . . . . . . . . .  D  ADDR  00B3H  NOT USED
IPL0 . . . . . . . . . . . . . . . .  D  ADDR  00B8H  NOT USED
IPL1 . . . . . . . . . . . . . . . .  D  ADDR  00B2H  NOT USED
IT0. . . . . . . . . . . . . . . . .  B  ADDR  0088H  NOT USED
IT1. . . . . . . . . . . . . . . . .  B  ADDR  008AH  NOT USED
K1 . . . . . . . . . . . . . . . . .  C  ADDR  005EH
K2 . . . . . . . . . . . . . . . . .  C  ADDR  0068H
KBE. . . . . . . . . . . . . . . . .  D  ADDR  009DH  NOT USED
KBF. . . . . . . . . . . . . . . . .  D  ADDR  009EH  NOT USED
KBLS . . . . . . . . . . . . . . . .  D  ADDR  009CH  NOT USED
KB_FIND. . . . . . . . . . . . . . .  C  ADDR  00BBH
KB_MATCH . . . . . . . . . . . . . .  C  ADDR  00C1H
KB_OVER. . . . . . . . . . . . . . .  C  ADDR  0073H
KB_OVER1 . . . . . . . . . . . . . .  C  ADDR  007EH
KCODE0 . . . . . . . . . . . . . . .  C  ADDR  00C4H
KCODE1 . . . . . . . . . . . . . . .  C  ADDR  00C8H
KCODE2 . . . . . . . . . . . . . . .  C  ADDR  00CCH
KCODE3 . . . . . . . . . . . . . . .  C  ADDR  00D0H
KEYBOARD . . . . . . . . . . . . . .  C  ADDR  005BH
KEYBOARD_LOOP. . . . . . . . . . . .  C  ADDR  0045H
NVM. . . . . . . . . . . . . . . . .  C  ADDR  004EH
NVM2 . . . . . . . . . . . . . . . .  C  ADDR  0057H
OSCCON . . . . . . . . . . . . . . .  D  ADDR  0086H  NOT USED
OV . . . . . . . . . . . . . . . . .  B  ADDR  00D2H  NOT USED
P. . . . . . . . . . . . . . . . . .  B  ADDR  00D0H  NOT USED
P0 . . . . . . . . . . . . . . . . .  D  ADDR  0080H
P1 . . . . . . . . . . . . . . . . .  D  ADDR  0090H
P1M1 . . . . . . . . . . . . . . . .  D  ADDR  00D4H  NOT USED
P1M2 . . . . . . . . . . . . . . . .  D  ADDR  00E2H  NOT USED
P2 . . . . . . . . . . . . . . . . .  D  ADDR  00A0H
P3 . . . . . . . . . . . . . . . . .  D  ADDR  00B0H
P3M1 . . . . . . . . . . . . . . . .  D  ADDR  00D5H  NOT USED
P3M2 . . . . . . . . . . . . . . . .  D  ADDR  00E3H  NOT USED
P4 . . . . . . . . . . . . . . . . .  D  ADDR  00C0H  NOT USED
P4M1 . . . . . . . . . . . . . . . .  D  ADDR  00D6H  NOT USED
P4M2 . . . . . . . . . . . . . . . .  D  ADDR  00E4H  NOT USED
P5 . . . . . . . . . . . . . . . . .  D  ADDR  00E8H  NOT USED
PC . . . . . . . . . . . . . . . . .  B  ADDR  00BEH  NOT USED
PCON . . . . . . . . . . . . . . . .  D  ADDR  0087H  NOT USED
PPCL . . . . . . . . . . . . . . . .  B  ADDR  00BEH  NOT USED
PS . . . . . . . . . . . . . . . . .  B  ADDR  00BCH  NOT USED
PSL. . . . . . . . . . . . . . . . .  B  ADDR  00BCH  NOT USED
PSW. . . . . . . . . . . . . . . . .  D  ADDR  00D0H  NOT USED
PT0. . . . . . . . . . . . . . . . .  B  ADDR  00B9H  NOT USED
PT0L . . . . . . . . . . . . . . . .  B  ADDR  00B9H  NOT USED
PT1. . . . . . . . . . . . . . . . .  B  ADDR  00BBH  NOT USED
PT1L . . . . . . . . . . . . . . . .  B  ADDR  00BBH  NOT USED
PT2. . . . . . . . . . . . . . . . .  B  ADDR  00BDH  NOT USED
PT2L . . . . . . . . . . . . . . . .  B  ADDR  00BDH  NOT USED
PX0. . . . . . . . . . . . . . . . .  B  ADDR  00B8H  NOT USED
PX0L . . . . . . . . . . . . . . . .  B  ADDR  00B8H  NOT USED
PX1. . . . . . . . . . . . . . . . .  B  ADDR  00BAH  NOT USED
PX1L . . . . . . . . . . . . . . . .  B  ADDR  00BAH  NOT USED
RB8. . . . . . . . . . . . . . . . .  B  ADDR  009AH  NOT USED
RCAP2H . . . . . . . . . . . . . . .  D  ADDR  00CBH  NOT USED
RCAP2L . . . . . . . . . . . . . . .  D  ADDR  00CAH  NOT USED
RCLK . . . . . . . . . . . . . . . .  B  ADDR  00CDH  NOT USED
RD . . . . . . . . . . . . . . . . .  B  ADDR  00B7H  NOT USED
REN. . . . . . . . . . . . . . . . .  B  ADDR  009CH  NOT USED
RESET. . . . . . . . . . . . . . . .  C  ADDR  0000H  NOT USED
RI . . . . . . . . . . . . . . . . .  B  ADDR  0098H  NOT USED
ROW_0. . . . . . . . . . . . . . . .  C  ADDR  00A9H
ROW_1. . . . . . . . . . . . . . . .  C  ADDR  00AEH
ROW_2. . . . . . . . . . . . . . . .  C  ADDR  00B3H
ROW_3. . . . . . . . . . . . . . . .  C  ADDR  00B8H
RS0. . . . . . . . . . . . . . . . .  B  ADDR  00D3H  NOT USED
RS1. . . . . . . . . . . . . . . . .  B  ADDR  00D4H  NOT USED
RXD. . . . . . . . . . . . . . . . .  B  ADDR  00B0H  NOT USED
SADDR. . . . . . . . . . . . . . . .  D  ADDR  00A9H  NOT USED
SADDR_0. . . . . . . . . . . . . . .  D  ADDR  00A9H  NOT USED
SADDR_1. . . . . . . . . . . . . . .  D  ADDR  00AAH  NOT USED
SADEN. . . . . . . . . . . . . . . .  D  ADDR  00B9H  NOT USED
SADEN_0. . . . . . . . . . . . . . .  D  ADDR  00B9H  NOT USED
SADEN_1. . . . . . . . . . . . . . .  D  ADDR  00BAH  NOT USED
SBUF . . . . . . . . . . . . . . . .  D  ADDR  0099H  NOT USED
SCON . . . . . . . . . . . . . . . .  D  ADDR  0098H  NOT USED
SEND_COMMAND . . . . . . . . . . . .  C  ADDR  001AH
SEND_DATA. . . . . . . . . . . . . .  C  ADDR  0027H
SETUP. . . . . . . . . . . . . . . .  C  ADDR  0005H
SINT . . . . . . . . . . . . . . . .  C  ADDR  0023H  NOT USED
SM0. . . . . . . . . . . . . . . . .  B  ADDR  009FH  NOT USED
SM1. . . . . . . . . . . . . . . . .  B  ADDR  009EH  NOT USED
SM2. . . . . . . . . . . . . . . . .  B  ADDR  009DH  NOT USED
SP . . . . . . . . . . . . . . . . .  D  ADDR  0081H  NOT USED
SPCON. . . . . . . . . . . . . . . .  D  ADDR  00C3H  NOT USED
SPCR . . . . . . . . . . . . . . . .  D  ADDR  00D5H  NOT USED
SPDAT. . . . . . . . . . . . . . . .  D  ADDR  00C5H  NOT USED
SPDR . . . . . . . . . . . . . . . .  D  ADDR  0086H  NOT USED
SPSR . . . . . . . . . . . . . . . .  D  ADDR  00AAH  NOT USED
SPSTA. . . . . . . . . . . . . . . .  D  ADDR  00C4H  NOT USED
T0 . . . . . . . . . . . . . . . . .  B  ADDR  00B4H  NOT USED
T1 . . . . . . . . . . . . . . . . .  B  ADDR  00B5H  NOT USED
T2CON. . . . . . . . . . . . . . . .  D  ADDR  00C8H  NOT USED
T2MOD. . . . . . . . . . . . . . . .  D  ADDR  00C9H  NOT USED
TB8. . . . . . . . . . . . . . . . .  B  ADDR  009BH  NOT USED
TCLK . . . . . . . . . . . . . . . .  B  ADDR  00CCH  NOT USED
TCON . . . . . . . . . . . . . . . .  D  ADDR  0088H  NOT USED
TF0. . . . . . . . . . . . . . . . .  B  ADDR  008DH  NOT USED
TF1. . . . . . . . . . . . . . . . .  B  ADDR  008FH  NOT USED
TF2. . . . . . . . . . . . . . . . .  B  ADDR  00CFH  NOT USED
TH0. . . . . . . . . . . . . . . . .  D  ADDR  008CH  NOT USED
TH1. . . . . . . . . . . . . . . . .  D  ADDR  008DH  NOT USED
TH2. . . . . . . . . . . . . . . . .  D  ADDR  00CDH  NOT USED
TI . . . . . . . . . . . . . . . . .  B  ADDR  0099H  NOT USED
TIMER0 . . . . . . . . . . . . . . .  C  ADDR  000BH  NOT USED
TIMER1 . . . . . . . . . . . . . . .  C  ADDR  001BH  NOT USED
TIMER2 . . . . . . . . . . . . . . .  C  ADDR  002BH  NOT USED
TL0. . . . . . . . . . . . . . . . .  D  ADDR  008AH  NOT USED
TL1. . . . . . . . . . . . . . . . .  D  ADDR  008BH  NOT USED
TL2. . . . . . . . . . . . . . . . .  D  ADDR  00CCH  NOT USED
TMOD . . . . . . . . . . . . . . . .  D  ADDR  0089H  NOT USED
TR0. . . . . . . . . . . . . . . . .  B  ADDR  008CH  NOT USED
TR1. . . . . . . . . . . . . . . . .  B  ADDR  008EH  NOT USED
TR2. . . . . . . . . . . . . . . . .  B  ADDR  00CAH  NOT USED
TXD. . . . . . . . . . . . . . . . .  B  ADDR  00B1H  NOT USED
WDTCON . . . . . . . . . . . . . . .  D  ADDR  00A7H  NOT USED
WDTPRG . . . . . . . . . . . . . . .  D  ADDR  00A7H  NOT USED
WDTRST . . . . . . . . . . . . . . .  D  ADDR  00A6H  NOT USED
WR . . . . . . . . . . . . . . . . .  B  ADDR  00B6H  NOT USED