<html>
<body>
<pre>
<h1>µVision Build Log</h1>
<h2>Tool Versions:</h2>
IDE-Version: µVision V5.39.0.0
Copyright (C) 2023 ARM Ltd and ARM Germany GmbH. All rights reserved.
License Information: Tuna Sahin, Bilkent University, LIC=----
 
Tool Versions:
Toolchain:       MDK-Lite  Version: 5.39.0.0
Toolchain Path:  C:\Keil_v5\ARM\ARMCLANG\Bin
C Compiler:      ArmClang.exe V6.21
Assembler:       Armasm.exe V6.21
Linker/Locator:  ArmLink.exe V6.21
Library Manager: ArmAr.exe V6.21
Hex Converter:   FromElf.exe V6.21
CPU DLL:         SARMCM3.DLL V5.39.0.0
Dialog DLL:      DARMCM1.DLL V1.19.6.0
Target DLL:      PEMicro\Pemicro_ArmCortexInterface.dll V1.3.0.0
Dialog DLL:      TARMCM1.DLL V1.14.6.0
 
<h2>Project:</h2>
C:\Users\sahin\Documents\C\servo_driver\servo_driver.uvprojx
Project File Date:  04/05/2024

<h2>Output:</h2>
*** Using Compiler 'V6.21', folder: 'C:\Keil_v5\ARM\ARMCLANG\Bin'
Rebuild target 'Target 1'
assembling startup_MKL25Z4.s...
compiling system_MKL25Z4.c...
servo1.c(2): warning: no previous extern declaration for non-static variable 'sign' [-Wmissing-variable-declarations]
    2 | volatile int sign = 1;
      |              ^
servo1.c(2): note: declare 'static' if the variable is not intended to be used outside of this translation unit
    2 | volatile int sign = 1;
      |          ^
servo1.c(11): warning: a function declaration without a prototype is deprecated in all versions of C [-Wstrict-prototypes]
   11 | void portd_interrupt_init() {
      |                          ^
      |                           void
servo1.c(76): warning: mixing declarations and code is incompatible with standards before C99 [-Wdeclaration-after-statement]
   76 |         uint16_t mod = 3280;
      |                  ^
servo1.c(13): warning: unsafe buffer access [-Wunsafe-buffer-usage]
   13 |         PORTD->PCR[7] |= PORT_PCR_PE_MASK | PORT_PCR_MUX(1) | PORT_PCR_IRQC(9);//rising edge triggered gpio interrupt
      |         ^~~~~~~~~~
C:/Users/sahin/AppData/Local/Arm/Packs/Keil/Kinetis_KLxx_DFP/1.15.1/Device/Include\MKL25Z4.h(4456): note: expanded from macro 'PORTD'
 4456 | #define PORTD                                    ((PORT_Type *)PORTD_BASE)
      |                                                  ^
servo1.c(14): warning: unsafe buffer access [-Wunsafe-buffer-usage]
   14 |         PORTD->PCR[7] &= ~PORT_PCR_PS_MASK;//pulldown resistor
      |         ^~~~~~~~~~
C:/Users/sahin/AppData/Local/Arm/Packs/Keil/Kinetis_KLxx_DFP/1.15.1/Device/Include\MKL25Z4.h(4456): note: expanded from macro 'PORTD'
 4456 | #define PORTD                                    ((PORT_Type *)PORTD_BASE)
      |                                                  ^
servo1.c(29): warning: unsafe buffer access [-Wunsafe-buffer-usage]
   29 |     PORTE_PCR20 |= PORT_PCR_MUX(3);
      |     ^~~~~~~~~~~
C:/Users/sahin/AppData/Local/Arm/Packs/Keil/Kinetis_KLxx_DFP/1.15.1/Device/Include\MKL25Z4.h(4646): note: expanded from macro 'PORTE_PCR20'
 4646 | #define PORTE_PCR20                              PORT_PCR_REG(PORTE,20)
      |                                                  ^~~~~~~~~~~~~~~~~~~~~~
C:/Users/sahin/AppData/Local/Arm/Packs/Keil/Kinetis_KLxx_DFP/1.15.1/Device/Include\MKL25Z4.h(4355): note: expanded from macro 'PORT_PCR_REG'
 4355 | #define PORT_PCR_REG(base,index)                 ((base)->PCR[index])
      |                                                   ^~~~~~~~~~~
servo1.c(68): warning: unsafe buffer access [-Wunsafe-buffer-usage]
   68 |         PORTB_PCR19 |= PORT_PCR_MUX(1);
      |         ^~~~~~~~~~~
C:/Users/sahin/AppData/Local/Arm/Packs/Keil/Kinetis_KLxx_DFP/1.15.1/Device/Include\MKL25Z4.h(4537): note: expanded from macro 'PORTB_PCR19'
 4537 | #define PORTB_PCR19                              PORT_PCR_REG(PORTB,19)
      |                                                  ^~~~~~~~~~~~~~~~~~~~~~
C:/Users/sahin/AppData/Local/Arm/Packs/Keil/Kinetis_KLxx_DFP/1.15.1/Device/Include\MKL25Z4.h(4355): note: expanded from macro 'PORT_PCR_REG'
 4355 | #define PORT_PCR_REG(base,index)                 ((base)->PCR[index])
      |                                                   ^~~~~~~~~~~
servo1.c(69): warning: unsafe buffer access [-Wunsafe-buffer-usage]
   69 |         PORTB_PCR18 |= PORT_PCR_MUX(1);
      |         ^~~~~~~~~~~
C:/Users/sahin/AppData/Local/Arm/Packs/Keil/Kinetis_KLxx_DFP/1.15.1/Device/Include\MKL25Z4.h(4536): note: expanded from macro 'PORTB_PCR18'
 4536 | #define PORTB_PCR18                              PORT_PCR_REG(PORTB,18)
      |                                                  ^~~~~~~~~~~~~~~~~~~~~~
C:/Users/sahin/AppData/Local/Arm/Packs/Keil/Kinetis_KLxx_DFP/1.15.1/Device/Include\MKL25Z4.h(4355): note: expanded from macro 'PORT_PCR_REG'
 4355 | #define PORT_PCR_REG(base,index)                 ((base)->PCR[index])
      |                                                   ^~~~~~~~~~~
servo1.c(89): warning: unsafe buffer access [-Wunsafe-buffer-usage]
   89 |                         TPM1_C0V = (uint16_t)fit(90-(angles[j]*sign));  
      |                                                      ^~~~~~
9 warnings generated.
compiling servo1.c...
linking...
Program Size: Code=1920 RO-data=272 RW-data=4 ZI-data=352  
".\Objects\servo_driver.axf" - 0 Error(s), 9 Warning(s).

<h2>Software Packages used:</h2>

Package Vendor: ARM
                https://www.keil.com/pack/ARM.CMSIS.6.0.0.pack
                ARM::CMSIS@6.0.0
                CMSIS (Common Microcontroller Software Interface Standard)
   * Component: CORE Version: 6.0.0

Package Vendor: Keil
                https://www.keil.com/pack/Keil.Kinetis_KLxx_DFP.1.15.1.pack
                Keil::Kinetis_KLxx_DFP@1.15.1
                NXP Kinetis KLxx Series Device Support and Examples
   * Component: Startup Version: 2.5.0

<h2>Collection of Component include folders:</h2>
  ./RTE/Device/MKL25Z128xxx4
  ./RTE/_Target_1
  C:/Users/sahin/AppData/Local/Arm/Packs/ARM/CMSIS/6.0.0/CMSIS/Core/Include
  C:/Users/sahin/AppData/Local/Arm/Packs/Keil/Kinetis_KLxx_DFP/1.15.1/Device/Include

<h2>Collection of Component Files used:</h2>

   * Component: ARM::CMSIS:CORE@6.0.0

   * Component: Keil::Device:Startup@2.5.0
      Source file:   Device/Source/ARM/startup_MKL25Z4.s
      Source file:   Device/Source/system_MKL25Z4.c
      Include file:  Device/Source/system_MKL25Z4.h
Build Time Elapsed:  00:00:01
</pre>
</body>
</html>
